FAILED TESTS REPORT
Total tests: 34200, Failed: 32

Failure #1
Test ID: 16
Reason: Cost and time match, but routes differ
Expected: [32, 90, [16, 10, 9, 0, 13, 16, 10, 5, 10, 5, 10, 5, 10, 5, 10]]
Actual: (32, 90, [16, 10, 5, 10, 9, 0, 13, 16, 10, 5, 10, 5, 10, 5, 10])
--------------------------------------------------

Failure #2
Test ID: 6
Reason: Cost and time match, but routes differ
Expected: [61, 54, [14, 11, 4, 7, 6, 14, 11, 4, 14, 11]]
Actual: (61, 54, [14, 11, 4, 14, 11, 4, 7, 6, 14, 11])
--------------------------------------------------

Failure #3
Test ID: 17
Reason: Cost and time match, but routes differ
Expected: [211, 147, [14, 1, 15, 14, 2, 11, 9, 1, 15, 14, 2, 11, 9, 1, 15, 14, 2, 11, 9, 1, 15, 14, 2, 11, 9, 1, 15]]
Actual: (211, 147, [14, 2, 11, 9, 1, 15, 14, 2, 11, 9, 1, 15, 14, 2, 11, 9, 1, 15, 14, 2, 11, 9, 1, 15, 14, 1, 15])
--------------------------------------------------

Failure #4
Test ID: 3
Reason: Cost and time match, but routes differ
Expected: [13, 26, [4, 2, 19, 13, 2, 8, 19]]
Actual: (13, 26, [4, 2, 8, 19, 13, 2, 19])
--------------------------------------------------

Failure #5
Test ID: 9
Reason: Cost and time match, but routes differ
Expected: [137, 146, [6, 23, 16, 0, 15, 6, 23, 16, 0, 6, 23, 16, 0, 6, 23, 16, 0, 6, 23, 16, 0, 6, 23, 16, 0, 6, 23, 16, 0, 6, 23]]
Actual: (137, 146, [6, 23, 16, 0, 6, 23, 16, 0, 6, 23, 16, 0, 6, 23, 16, 0, 6, 23, 16, 0, 6, 23, 16, 0, 6, 23, 16, 0, 15, 6, 23])
--------------------------------------------------

Failure #6
Test ID: 10
Reason: Cost and time match, but routes differ
Expected: [35, 49, [11, 17, 14, 10, 18, 15, 17, 14, 23, 17]]
Actual: (35, 49, [11, 17, 14, 23, 17, 14, 10, 18, 15, 17])
--------------------------------------------------

Failure #7
Test ID: 0
Reason: Cost and time match, but routes differ
Expected: [90, 94, [36, 9, 24, 32, 15, 2, 35, 14, 21, 16, 18, 32, 15, 2, 35, 32, 10, 18]]
Actual: (90, 94, [36, 9, 24, 32, 10, 18, 32, 15, 2, 35, 32, 15, 2, 35, 14, 21, 16, 18])
--------------------------------------------------

Failure #8
Test ID: 3
Reason: Cost and time match, but routes differ
Expected: [71, 58, [2, 13, 12, 17, 11, 30, 18, 19, 11, 30, 37, 3, 11, 31]]
Actual: (71, 58, [2, 13, 12, 17, 11, 30, 37, 3, 11, 30, 18, 19, 11, 31])
--------------------------------------------------

Failure #9
Test ID: 3
Reason: Cost and time match, but routes differ
Expected: [25, 22, [29, 42, 29, 4, 31, 40, 42]]
Actual: (25, 22, [29, 4, 31, 40, 42, 29, 42])
--------------------------------------------------

Failure #10
Test ID: 7
Reason: Cost and time match, but routes differ
Expected: [35, 43, [5, 35, 33, 16, 20, 14, 35, 31, 28, 36]]
Actual: (35, 43, [5, 35, 38, 2, 5, 35, 31, 28, 36])
--------------------------------------------------

Failure #11
Test ID: 14
Reason: Cost and time match, but routes differ
Expected: [39, 63, [26, 29, 40, 16, 22, 49, 40, 49, 40, 49]]
Actual: (39, 63, [26, 29, 40, 49, 40, 49, 40, 16, 22, 49])
--------------------------------------------------

Failure #12
Test ID: 7
Reason: Cost and time match, but routes differ
Expected: [94, 90, [26, 20, 45, 33, 32, 43, 15, 19, 22, 52, 51, 45, 33, 32, 14, 17, 7, 45, 33, 32]]
Actual: (94, 90, [26, 20, 45, 33, 32, 14, 17, 7, 45, 33, 32, 43, 15, 19, 22, 52, 51, 45, 33, 32])
--------------------------------------------------

Failure #13
Test ID: 6
Reason: Cost and time match, but routes differ
Expected: [112, 156, [5, 51, 35, 37, 32, 45, 4, 17, 16, 26, 5, 51, 43, 23, 45, 4, 17, 16, 26, 5, 51, 35, 37, 32]]
Actual: (112, 156, [5, 51, 43, 23, 45, 4, 17, 16, 26, 5, 51, 35, 37, 32, 45, 4, 17, 16, 26, 5, 51, 35, 37, 32])
--------------------------------------------------

Failure #14
Test ID: 6
Reason: Cost and time match, but routes differ
Expected: [205, 251, [53, 14, 50, 23, 44, 42, 21, 33, 42, 16, 29, 20, 38, 50, 23, 44, 42, 16, 29, 20, 38, 50, 23, 44, 42, 16, 29, 20, 38, 50, 23, 44, 42, 16, 29, 20, 38, 24, 4]]
Actual: (205, 251, [53, 14, 50, 23, 44, 42, 16, 29, 20, 38, 50, 23, 44, 42, 16, 29, 20, 38, 50, 23, 44, 42, 16, 29, 20, 38, 50, 23, 44, 42, 21, 33, 42, 16, 29, 20, 38, 24, 4])
--------------------------------------------------

Failure #15
Test ID: 19
Reason: Cost and time match, but routes differ
Expected: [65, 80, [42, 39, 8, 32, 10, 33, 49, 37, 28, 42, 39, 10, 28]]
Actual: (65, 80, [42, 39, 8, 32, 10, 28, 42, 39, 10, 33, 49, 37, 28])
--------------------------------------------------

Failure #16
Test ID: 18
Reason: Cost and time match, but routes differ
Expected: [107, 105, [43, 35, 0, 30, 34, 16, 50, 26, 36, 53, 28, 38, 0, 30, 34, 30, 34, 30, 34, 30]]
Actual: (107, 105, [43, 35, 0, 30, 34, 30, 34, 30, 34, 16, 50, 26, 36, 53, 28, 38, 0, 30, 34, 30])
--------------------------------------------------

Failure #17
Test ID: 4
Reason: Cost and time match, but routes differ
Expected: [69, 111, [32, 46, 3, 8, 14, 43, 5, 26, 44, 27, 7, 26, 44, 27, 55, 7, 26, 44]]
Actual: (69, 111, [32, 46, 3, 8, 14, 43, 5, 26, 44, 27, 55, 7, 26, 44, 27, 7, 26, 44])
--------------------------------------------------

Failure #18
Test ID: 8
Reason: Cost and time match, but routes differ
Expected: [63, 69, [19, 37, 55, 20, 15, 45, 9, 2, 34, 33, 16, 13, 39, 17, 2]]
Actual: (63, 69, [19, 37, 55, 20, 15, 45, 60, 9, 16, 13, 39, 17, 2, 34, 33, 2])
--------------------------------------------------

Failure #19
Test ID: 13
Reason: Cost and time match, but routes differ
Expected: [227, 193, [4, 59, 57, 22, 41, 16, 68, 21, 51, 32, 49, 6, 34, 33, 42, 12, 23, 36, 61, 21, 51, 32, 49, 6, 34, 33, 42, 12, 23, 36, 61, 21, 62, 51, 32, 49, 6, 34, 33]]
Actual: (227, 193, [4, 59, 57, 22, 41, 16, 68, 21, 62, 51, 32, 49, 6, 34, 33, 42, 12, 23, 36, 61, 21, 51, 32, 49, 6, 34, 33, 42, 12, 23, 36, 61, 21, 51, 32, 49, 6, 34, 33])
--------------------------------------------------

Failure #20
Test ID: 13
Reason: Cost and time match, but routes differ
Expected: [281, 310, [65, 66, 62, 32, 17, 26, 22, 65, 6, 39, 62, 32, 17, 26, 22, 65, 6, 39, 62, 32, 17, 26, 22, 65, 6, 39, 62, 32, 17, 26, 22, 65, 6, 39, 62, 32, 17, 26, 22, 65, 6, 39, 62, 32, 17, 26, 22, 65, 6]]
Actual: (281, 310, [65, 6, 39, 62, 32, 17, 26, 22, 65, 66, 62, 32, 17, 26, 22, 65, 6, 39, 62, 32, 17, 26, 22, 65, 6, 39, 62, 32, 17, 26, 22, 65, 6, 39, 62, 32, 17, 26, 22, 65, 6, 39, 62, 32, 17, 26, 22, 65, 6])
--------------------------------------------------

Failure #21
Test ID: 7
Reason: Cost and time match, but routes differ
Expected: [196, 177, [44, 64, 52, 48, 31, 57, 47, 9, 35, 53, 42, 49, 25, 75, 64, 52, 48, 31, 57, 47, 9, 35, 53, 10, 36, 11, 4, 8, 28, 49, 25, 75, 55, 25, 75, 64, 52]]
Actual: (196, 177, [44, 64, 52, 48, 31, 57, 47, 9, 35, 53, 10, 36, 11, 4, 8, 28, 49, 25, 75, 64, 52, 48, 31, 57, 47, 9, 35, 53, 42, 49, 25, 75, 55, 25, 75, 64, 52])
--------------------------------------------------

Failure #22
Test ID: 14
Reason: Cost and time match, but routes differ
Expected: [110, 121, [50, 1, 2, 37, 34, 64, 19, 66, 17, 72, 57, 54, 33, 35, 30, 44, 28, 1, 2, 37, 34, 57]]
Actual: (110, 121, [50, 1, 2, 37, 34, 57, 54, 33, 35, 30, 44, 28, 1, 2, 37, 34, 64, 19, 66, 17, 72, 57])
--------------------------------------------------

Failure #23
Test ID: 18
Reason: Cost and time match, but routes differ
Expected: [86, 131, [50, 26, 61, 35, 49, 8, 41, 58, 36, 45, 65, 18, 28, 69, 16, 66, 31, 72, 50, 26, 41, 58]]
Actual: (86, 131, [50, 26, 41, 58, 36, 45, 65, 18, 28, 69, 16, 66, 31, 72, 50, 26, 61, 35, 49, 8, 41, 58])
--------------------------------------------------

Failure #24
Test ID: 13
Reason: Cost and time match, but routes differ
Expected: [118, 190, [28, 77, 57, 41, 77, 57, 41, 77, 57, 41, 77, 57, 41, 77, 57, 41, 77, 57, 41, 65, 18, 11, 61, 67, 45, 75, 76, 25, 59, 19, 41, 65, 18, 11, 61]]
Actual: (118, 190, [28, 77, 57, 41, 77, 57, 41, 77, 57, 41, 77, 57, 41, 77, 57, 41, 65, 18, 11, 61, 67, 45, 75, 76, 25, 59, 19, 41, 77, 57, 41, 65, 18, 11, 61])
--------------------------------------------------

Failure #25
Test ID: 4
Reason: Cost and time match, but routes differ
Expected: [354, 434, [0, 11, 29, 24, 76, 52, 57, 8, 7, 29, 24, 76, 52, 57, 8, 7, 29, 24, 76, 52, 57, 8, 7, 29, 24, 76, 52, 57, 66, 65, 68, 27, 21, 22, 47, 24, 76, 52, 57, 66, 65, 68, 27, 21, 22, 47, 24, 76, 52, 57, 66, 65, 68, 27, 21, 22, 47, 24, 76, 52, 57, 66, 65, 68, 27]]
Actual: (354, 434, [0, 11, 29, 24, 76, 52, 57, 8, 7, 29, 24, 76, 52, 57, 8, 7, 29, 24, 76, 52, 57, 66, 65, 68, 27, 21, 22, 47, 24, 76, 52, 57, 66, 65, 68, 27, 21, 22, 47, 24, 76, 52, 57, 8, 7, 29, 24, 76, 52, 57, 66, 65, 68, 27, 21, 22, 47, 24, 76, 52, 57, 66, 65, 68, 27])
--------------------------------------------------

Failure #26
Test ID: 19
Reason: Cost and time match, but routes differ
Expected: [93, 104, [21, 5, 6, 28, 20, 17, 8, 30, 22, 37, 79, 74, 11, 32, 16, 46, 22, 37, 55, 41, 46, 22]]
Actual: (93, 104, [21, 5, 6, 28, 20, 17, 8, 30, 22, 37, 55, 41, 46, 22, 37, 79, 74, 11, 32, 16, 46, 22])
--------------------------------------------------

Failure #27
Test ID: 18
Reason: Cost and time match, but routes differ
Expected: [117, 100, [24, 35, 7, 68, 20, 58, 42, 55, 2, 0, 10, 65, 13, 83, 55, 2, 0, 10, 65, 11, 82, 10, 65]]
Actual: (117, 100, [24, 35, 7, 68, 20, 58, 42, 55, 2, 0, 10, 65, 11, 82, 10, 65, 13, 83, 55, 2, 0, 10, 65])
--------------------------------------------------

Failure #28
Test ID: 15
Reason: Cost and time match, but routes differ
Expected: [203, 230, [53, 35, 33, 18, 20, 55, 74, 23, 64, 76, 33, 18, 20, 55, 74, 23, 72, 60, 69, 33, 18, 20, 55, 74, 23, 72, 60, 69, 33, 18, 20, 55, 74, 23, 64]]
Actual: (203, 230, [53, 35, 33, 18, 20, 55, 74, 23, 72, 60, 69, 33, 18, 20, 55, 74, 23, 72, 60, 69, 33, 18, 20, 55, 74, 23, 64, 76, 33, 18, 20, 55, 74, 23, 64])
--------------------------------------------------

Failure #29
Test ID: 14
Reason: Cost and time match, but routes differ
Expected: [226, 289, [24, 2, 33, 10, 53, 89, 61, 54, 38, 68, 62, 79, 50, 1, 41, 34, 80, 60, 28, 85, 66, 14, 42, 17, 33, 10, 53, 89, 62, 79, 50, 1, 41, 34, 80, 60, 28, 85, 66, 14, 42, 17, 33, 10, 53, 89, 61, 54]]
Actual: (226, 289, [24, 2, 33, 10, 53, 89, 62, 79, 50, 1, 41, 34, 80, 60, 28, 85, 66, 14, 42, 17, 33, 10, 53, 89, 61, 54, 38, 68, 62, 79, 50, 1, 41, 34, 80, 60, 28, 85, 66, 14, 42, 17, 33, 10, 53, 89, 61, 54])
--------------------------------------------------

Failure #30
Test ID: 11
Reason: Cost and time match, but routes differ
Expected: [146, 148, [58, 90, 87, 61, 13, 52, 57, 11, 54, 90, 87, 61, 13, 60, 85, 16, 25, 58, 90, 87, 61, 13, 33, 24, 82, 58, 90, 87]]
Actual: (146, 148, [58, 90, 87, 61, 13, 52, 57, 11, 54, 90, 87, 61, 13, 33, 24, 82, 58, 90, 87, 61, 13, 60, 85, 16, 25, 58, 90, 87])
--------------------------------------------------

Failure #31
Test ID: 16
Reason: Cost and time match, but routes differ
Expected: [288, 255, [70, 66, 79, 23, 43, 69, 27, 41, 84, 32, 49, 79, 23, 43, 69, 27, 41, 84, 32, 49, 79, 23, 43, 69, 27, 41, 84, 32, 49, 79, 23, 43, 69, 58, 28, 81, 41, 84, 32, 47, 19, 69, 58, 28, 81, 41]]
Actual: (288, 255, [70, 66, 79, 23, 43, 69, 27, 41, 84, 32, 49, 79, 23, 43, 69, 27, 41, 84, 32, 49, 79, 23, 43, 69, 27, 41, 84, 32, 47, 19, 69, 58, 28, 81, 41, 84, 32, 49, 79, 23, 43, 69, 58, 28, 81, 41])
--------------------------------------------------

Failure #32
Test ID: 11
Reason: Cost and time match, but routes differ
Expected: [202, 260, [40, 38, 65, 67, 20, 19, 39, 21, 44, 85, 58, 53, 6, 65, 67, 20, 19, 39, 21, 44, 85, 58, 53, 6, 65, 67, 20, 19, 39, 21, 44, 85, 58, 53, 6, 65, 67, 20, 19, 39, 21, 44, 63, 21, 44, 63, 13]]
Actual: (202, 260, [40, 38, 65, 67, 20, 19, 39, 21, 44, 85, 58, 53, 6, 65, 67, 20, 19, 39, 21, 44, 85, 58, 53, 6, 65, 67, 20, 19, 39, 21, 44, 63, 21, 44, 85, 58, 53, 6, 65, 67, 20, 19, 39, 21, 44, 63, 13])
--------------------------------------------------

